[gnosis.org/library/valentinus/index.html]
[backblue.gif]
[fade.gif]
[index.html]
[gnosis.org/library/valentinus/sitemap.html]
[gnosis.org/library/valentinus/Valentinus.html]
[gnosis.org/library/valentinus/Organization.html]
[gnosis.org/library/valentinus/Brief_Summary_Theology.html]
[gnosis.org/library/valentinus/Valentinian_Theology.html]
[gnosis.org/library/valentinus/Valentinian_Writings.html]
[gnosis.org/library/valentinus/Valentinians_Bible.html]
[gnosis.org/library/valentinus/Detailed_Articles.html]
[gnosis.org/library/valentinus/Reading_List.html]
[gnosis.org/library/valentinus/index.html]
[gnosis.org/library/valentinus/Error_GTruth.html]
[gnosis.org/library/valentinus/Name_Naming.html]
[gnosis.org/library/valentinus/Syzygy_Valentinian.html]
[gnosis.org/library/valentinus/Chronology.html]
[gnosis.org/library/valentinus/Jesus_Valentinianism.html]
[gnosis.org/library/valentinus/Christ_and_Church.html]
[gnosis.org/library/valentinus/Valentinian_School.html]
[gnosis.org/library/valentinus/Valentinian_Creation.html]
[gnosis.org/library/valentinus/Faith_Knowledge.html]
[gnosis.org/library/valentinus/Valentinian_Ethics.html]
[gnosis.org/library/valentinus/Fragments_Valentinus.html]
[gnosis.org/library/valentinus/Valentinian_Monism.html]
[gnosis.org/library/valentinus/Joined_Angel.html]
[gnosis.org/library/valentinus/Valentinian_Sacramental.html]
[gnosis.org/library/valentinus/Valentinian_Scriptural.html]
[gnosis.org/library/valentinus/Valentinian_Personalities.html]
[gnosis.org/library/valentinus/Valentinian_Sin.html]
[gnosis.org/library/valentinus/Psychology_Salvation.html]
[gnosis.org/library/valentinus/Realized_Eschatology.html]
[gnosis.org/library/valentinus/Valentinians_Temple.html]
[gnosis.org/library/valentinus/Sophia_Eve.html]
[gnosis.org/library/valentinus/Demiurge.html]
[gnosis.org/library/valentinus/sitemap.html]
[gnosis.org/library/valentinus/Valentinus.html]
[gnosis.org/library/valentinus/Organization.html]
[gnosis.org/library/valentinus/Brief_Summary_Theology.html]
[gnosis.org/library/valentinus/Valentinian_Theology.html]
[gnosis.org/library/valentinus/Valentinian_Writings.html]
[gnosis.org/library/valentinus/Valentinians_Bible.html]
[gnosis.org/library/valentinus/Detailed_Articles.html]
[gnosis.org/library/valentinus/Reading_List.html]
[gnosis.org/library/valentinus/Error_GTruth.html]
[gnosis.org/library/valentinus/Name_Naming.html]
[gnosis.org/library/valentinus/Syzygy_Valentinian.html]
[gnosis.org/library/valentinus/Chronology.html]
[gnosis.org/library/valentinus/Jesus_Valentinianism.html]
[gnosis.org/library/valentinus/Christ_and_Church.html]
[gnosis.org/library/valentinus/Valentinian_School.html]
[gnosis.org/library/valentinus/Valentinian_Creation.html]
[gnosis.org/library/valentinus/Faith_Knowledge.html]
[gnosis.org/library/valentinus/Valentinian_Ethics.html]
[gnosis.org/library/valentinus/Fragments_Valentinus.html]
[gnosis.org/library/valentinus/Valentinian_Monism.html]
[gnosis.org/library/valentinus/Joined_Angel.html]
[gnosis.org/library/valentinus/Valentinian_Sacramental.html]
[gnosis.org/library/valentinus/Valentinian_Scriptural.html]
[gnosis.org/library/valentinus/Valentinian_Personalities.html]
[gnosis.org/library/valentinus/Valentinian_Sin.html]
[gnosis.org/library/valentinus/Psychology_Salvation.html]
[gnosis.org/library/valentinus/Realized_Eschatology.html]
[gnosis.org/library/valentinus/Valentinians_Temple.html]
[gnosis.org/library/valentinus/Sophia_Eve.html]
[gnosis.org/library/valentinus/Demiurge.html]
